logic__463: 
reg__11: 
reg__49: 
reg__50: 
reg__40: 
reg__51: 
case__112: 
datapath__11: 
reg__20: 
case__57: 
datapath__1: 
datapath__10: 
logic__121: 
logic__126: 
muxpart__69: 
logic__9: 
logic__38: 
reg__81: 
reg__53: 
case__6: 
reg__57: 
case__135: 
datapath__27: 
reg__72: 
datapath__22: 
case__45: 
logic__122: 
muxpart__72: 
muxpart: 
reg__24: 
logic__14: 
clk_wiz_0_clk_wiz: 
keep__6: 
vga_example: 
reg__54: 
case__121: 
logic__138: 
reg__67: 
reg__60: 
datapath__20: 
case__111: 
logic__119: 
reg__22: 
case__122: 
reg__35: 
reg__83: 
logic__21: 
reg__7: 
MouseCtl: 
reg__16: 
datapath__19: 
datapath__3: 
counter: 
reg__55: 
logic__31: 
reg__61: 
case__138: 
case__123: 
dsp48e1: 
reg__66: 
muxpart__16: 
keep__1: 
case__113: 
keep__3: 
reg__34: 
datapath: 
case__117: 
logic__2: 
case: 
case__48: 
logic__127: 
MouseDisplay: 
reg__1: 
logic__123: 
datapath__7: 
reg__62: 
logic__27: 
vga_timing: 
logic__15: 
logic: 
logic__450: 
reg__42: 
reg__25: 
counter__5: 
reg__86: 
case__46: 
logic__3: 
case__4: 
reg__47: 
logic__117: 
reg__14: 
case__142: 
case__141: 
counter__1: 
logic__34: 
logic__26: 
reg__38: 
case__115: 
logic__133: 
reg__84: 
reg__58: 
datapath__18: 
reg__79: 
datapath__26: 
reg__10: 
reg__15: 
logic__131: 
logic__4: 
datapath__8: 
logic__465: 
datapath__16: 
datapath__24: 
reg__2: 
case__120: 
reg__30: 
reg__33: 
reg__77: 
reg__65: 
case__129: 
muxpart__17: 
case__58: 
reg__78: 
case__133: 
reg__68: 
case__7: 
logic__120: 
counter__2: 
reg__26: 
reg__27: 
keep__2: 
logic__461: 
counter__3: 
case__125: 
logic__40: 
case__137: 
case__140: 
reg__28: 
rom: 
counter__4: 
reg__23: 
logic__448: 
muxpart__71: 
logic__22: 
reg__17: 
muxpart__18: 
logic__25: 
logic__132: 
reg__6: 
logic__13: 
logic__39: 
reg__63: 
logic__28: 
case__114: 
reg__56: 
case__108: 
rom__1: 
clk_wiz_0: 
reg__46: 
logic__1: 
logic__136: 
case__2: 
MouseDisplayVeri: 
reg__41: 
case__50: 
dsp48e1__1: 
case__3: 
datapath__5: 
datapath__9: 
logic__462: 
logic__140: 
logic__118: 
reg__48: 
logic__37: 
logic__130: 
reg__13: 
case__110: 
reg__8: 
logic__458: 
reg__59: 
reg__9: 
reg__4: 
datapath__15: 
logic__452: 
reg__64: 
reg__52: 
datapath__6: 
reg: 
logic__454: 
reg__73: 
case__131: 
logic__17: 
keep__5: 
reg__75: 
logic__29: 
logic__20: 
logic__35: 
reg__69: 
datapath__21: 
case__118: 
keep__8: 
reg__76: 
logic__6: 
reg__39: 
case__127: 
datapath__4: 
reg__29: 
reg__70: 
datapath__23: 
case__5: 
case__139: 
case__136: 
logic__134: 
case__132: 
reg__85: 
muxpart__70: 
Ps2Interface: 
logic__455: 
case__128: 
case__124: 
reg__19: 
logic__12: 
case__51: 
logic__129: 
reg__12: 
logic__446: 
datapath__25: 
reg__36: 
logic__128: 
case__119: 
case__1: 
reg__37: 
reg__80: 
keep__9: 
logic__444: 
datapath__17: 
MouseCtlVeri: 
case__134: 
logic__30: 
datapath__28: 
case__116: 
reg__18: 
logic__464: 
reg__71: 
reg__43: 
datapath__14: 
logic__32: 
reg__82: 
keep__4: 
logic__36: 
datapath__2: 
logic__142: 
logic__445: 
logic__33: 
reg__74: 
keep: 
logic__16: 
reg__5: 
reg__21: 
logic__5: 
reg__3: 
case__109: 
keep__7: 
start_screen: 
